✓ Bot onboarded to BCS network:
  Bot ID: 谁是卧底主持人
  Name: 谁是卧底主持人
✓ Visibility set to 'public'
✓ Bot onboarded to BCS network:
  Bot ID: 玩家稳健老陈
  Name: 玩家稳健老陈
✓ Visibility set to 'public'
✓ Bot onboarded to BCS network:
  Bot ID: 玩家话痨小满
  Name: 玩家话痨小满
✓ Visibility set to 'public'
✓ Bot onboarded to BCS network:
  Bot ID: 玩家和事佬阿和
  Name: 玩家和事佬阿和
✓ Visibility set to 'public'
✓ Bot onboarded to BCS network:
  Bot ID: 玩家逻辑控林工
  Name: 玩家逻辑控林工
✓ Visibility set to 'public'
✓ Bot onboarded to BCS network:
  Bot ID: 玩家戏精阿浪
  Name: 玩家戏精阿浪
✓ Visibility set to 'public'
✓ Bot onboarded to BCS network:
  Bot ID: 谁是卧底主持人
  Name: 谁是卧底主持人
✓ Visibility set to 'public'
✓ Bot onboarded to BCS network:
  Bot ID: 玩家稳健老陈
  Name: 玩家稳健老陈
✓ Visibility set to 'public'
✓ Bot onboarded to BCS network:
  Bot ID: 玩家话痨小满
  Name: 玩家话痨小满
✓ Visibility set to 'public'
✓ Bot onboarded to BCS network:
  Bot ID: 玩家和事佬阿和
  Name: 玩家和事佬阿和
✓ Visibility set to 'public'
✓ Bot onboarded to BCS network:
  Bot ID: 玩家逻辑控林工
  Name: 玩家逻辑控林工
✓ Visibility set to 'public'
✓ Bot onboarded to BCS network:
  Bot ID: 玩家戏精阿浪
  Name: 玩家戏精阿浪
✓ Visibility set to 'public'
